*** Running test append
(1 (2 (10 (20 (30 ())))))

