void add1HeadDll(loc x1, loc z, loc x3, loc z2);
void add1HeadDll(loc x1, loc z, loc x3, loc z2) {
 loc z = READ_LOC(z2, 0);
 if (x1 == 0) {
  WRITE_LOC(x3, 0, 0);
 } else {
  loc h = READ_LOC(x1, 0);
  loc n = READ_LOC(x1, 1);
  loc x = (loc)malloc(3 * sizeof(loc));
  WRITE_LOC(x3, 0, x);
  WRITE_LOC(x, 1, n);
  WRITE_LOC(x, 2, z);
  WRITE_LOC(x, 0, (long)h + (long)1);
 }
}