*** Running test add1Head1
(2 50462800 (2 50462784 (3 0 ())))

