*** Running test equal1
0

*** Running test equal2
0

*** Running test equal3
1

*** Running test isAnagram1
1

*** Running test isAnagram1
0

