void leftList(loc x, loc x1);
void leftList(loc x, loc x1) {
 if (x == 0) {
  WRITE_LOC(x1, 0, 0);
 } else {
  loc pa = READ_LOC(x, 0);
  loc p = READ_LOC(x, 1);
  leftList(p, x1);
  loc x3 = READ_LOC(x1, 0);
  loc x = (loc)malloc(2 * sizeof(loc));
  WRITE_LOC(x1, 0, x);
  WRITE_LOC(x, 1, x3);
  WRITE_LOC(x, 0, pa);
 }
}