*** Running test max1
3

*** Running test max2
10

*** Running test maximum1
40

