void treeSize(loc x, loc i1);
void treeSize(loc x, loc i1) {
 if (x == 0) {
  WRITE_LOC(i1, 0, 1);
 } else {
  loc p = READ_LOC(x, 1);
  treeSize(p, i1);
  loc i = READ_LOC(i1, 0);
  WRITE_LOC(i1, 0, (long)1 + (long)i);
 }
}